../Core/Src/main.c:91:10:LMIC_f2sflt16	24	static
../Core/Src/main.c:153:7:UART_printf	272	static
../Core/Src/main.c:162:7:UART_printf2	272	static
../Core/Src/main.c:173:6:clear_message	8	static
../Core/Src/main.c:178:6:clear_message1	8	static
../Core/Src/main.c:183:6:HAL_UART_RxCpltCallback	16	static
../Core/Src/main.c:231:6:EXECUTION	32	static
../Core/Src/main.c:461:6:SystemClock_Config	104	static,ignoring_inline_asm
../Core/Src/main.c:314:5:main	8	static
../Core/Src/main.c:513:6:SystemPower_Config	56	static
../Core/Src/main.c:553:6:set_time	32	static,ignoring_inline_asm
../Core/Src/main.c:577:6:I2C_DeInit	8	static
../Core/Src/main.c:582:6:MX_LPUART1_UART_DeeInit	8	static
../Core/Src/main.c:587:6:MX_USART2_DeInit	8	static
../Core/Src/main.c:602:6:Error_Handler	0	static,ignoring_inline_asm
