../Core/Src/main.c:91:10:LMIC_f2sflt16	40	static
../Core/Src/main.c:162:7:UART_printf2	280	static
../Core/Src/main.c:231:6:EXECUTION	48	static
../Core/Src/main.c:314:5:main	8	static
../Core/Src/main.c:450:6:SystemClock_Config	112	static
../Core/Src/main.c:502:6:SystemPower_Config	48	static
../Core/Src/main.c:542:6:set_time	32	static
../Core/Src/main.c:566:6:I2C_DeInit	8	static
../Core/Src/main.c:571:6:MX_LPUART1_UART_DeeInit	8	static
../Core/Src/main.c:576:6:MX_USART2_DeInit	8	static
../Core/Src/main.c:591:6:Error_Handler	8	static,ignoring_inline_asm
